// Jest Snapshot v1, https://goo.gl/fbAQLP

exports[`test in componente AddCategory  debe de mostrarse correctament  1`] = `
<form
  onSubmit={[Function]}
>
  <input
    onChange={[Function]}
    type="text"
    value=""
  />
</form>
`;
